{"timestamp": "2026-09-27T13:54:08+0500", "level": "INFO", "logger": "assurex.email", "message": "Email successfully sent to ['customer@assurex.com'] | Subject: Claim #CLM-45804 Submitted Successfully", "module": "email_service", "line": 201}
{"timestamp": "2026-09-27T14:52:57+0500", "level": "INFO", "logger": "assurex.email", "message": "Email successfully sent to ['customer@assurex.com'] | Subject: Claim #CLM-73968 Submitted Successfully", "module": "email_service", "line": 201}
{"timestamp": "2026-09-27T16:33:44+0500", "level": "INFO", "logger": "assurex.email", "message": "Email successfully sent to ['customer@assurex.com'] | Subject: Claim #CLM-19653 Submitted Successfully", "module": "email_service", "line": 201}
{"timestamp": "2026-09-27T21:27:16+0500", "level": "INFO", "logger": "assurex.email", "message": "Email successfully sent to ['customer@assurex.com'] | Subject: Claim #CLM-20260927-32866 Submitted Successfully", "module": "email_service", "line": 201}
{"timestamp": "2026-09-27T21:27:21+0500", "level": "INFO", "logger": "assurex.email", "message": "Email successfully sent to ['customer@assurex.com'] | Subject: Claim #CLM-20260927-37820 Submitted Successfully", "module": "email_service", "line": 201}
{"timestamp": "2026-09-27T21:27:25+0500", "level": "INFO", "logger": "assurex.email", "message": "Email successfully sent to ['customer@assurex.com'] | Subject: Update on Claim #CLM-20260927-37820 - Action Required", "module": "email_service", "line": 201}
{"timestamp": "2026-09-27T21:27:28+0500", "level": "INFO", "logger": "assurex.email", "message": "Email successfully sent to ['customer@assurex.com'] | Subject: Update on Claim #CLM-20260927-37820 - Approved", "module": "email_service", "line": 201}
{"timestamp": "2026-09-27T21:27:32+0500", "level": "INFO", "logger": "assurex.email", "message": "Email successfully sent to ['customer@assurex.com'] | Subject: Claim #CLM-20260927-48892 Submitted Successfully", "module": "email_service", "line": 201}
{"timestamp": "2026-09-27T21:27:35+0500", "level": "INFO", "logger": "assurex.email", "message": "Email successfully sent to ['customer@assurex.com'] | Subject: Update on Claim #CLM-20260927-48892 - Rejected", "module": "email_service", "line": 201}
{"timestamp": "2026-09-27T21:27:51+0500", "level": "INFO", "logger": "assurex.email", "message": "Email successfully sent to ['customer@assurex.com'] | Subject: Claim #CLM-20260927-67375 Submitted Successfully", "module": "email_service", "line": 201}
{"timestamp": "2026-09-27T21:29:12+0500", "level": "INFO", "logger": "assurex.email", "message": "Email successfully sent to ['customer@assurex.com'] | Subject: Claim #CLM-20260927-48159 Submitted Successfully", "module": "email_service", "line": 201}
{"timestamp": "2026-09-27T21:29:16+0500", "level": "INFO", "logger": "assurex.email", "message": "Email successfully sent to ['customer@assurex.com'] | Subject: Claim #CLM-20260927-53325 Submitted Successfully", "module": "email_service", "line": 201}
{"timestamp": "2026-09-27T21:29:19+0500", "level": "INFO", "logger": "assurex.email", "message": "Email successfully sent to ['customer@assurex.com'] | Subject: Update on Claim #CLM-20260927-53325 - Action Required", "module": "email_service", "line": 201}
{"timestamp": "2026-09-27T21:29:23+0500", "level": "INFO", "logger": "assurex.email", "message": "Email successfully sent to ['customer@assurex.com'] | Subject: Update on Claim #CLM-20260927-53325 - Approved", "module": "email_service", "line": 201}
{"timestamp": "2026-09-27T21:29:27+0500", "level": "INFO", "logger": "assurex.email", "message": "Email successfully sent to ['customer@assurex.com'] | Subject: Claim #CLM-20260927-64541 Submitted Successfully", "module": "email_service", "line": 201}
{"timestamp": "2026-09-27T21:29:30+0500", "level": "INFO", "logger": "assurex.email", "message": "Email successfully sent to ['customer@assurex.com'] | Subject: Update on Claim #CLM-20260927-64541 - Rejected", "module": "email_service", "line": 201}
{"timestamp": "2026-09-27T21:29:47+0500", "level": "INFO", "logger": "assurex.email", "message": "Email successfully sent to ['customer@assurex.com'] | Subject: Claim #CLM-20260927-84090 Submitted Successfully", "module": "email_service", "line": 201}
{"timestamp": "2026-09-27T21:29:50+0500", "level": "INFO", "logger": "assurex.email", "message": "Email successfully sent to ['customer@assurex.com'] | Subject: Update on Claim #CLM-20260927-84090 - Action Required", "module": "email_service", "line": 201}
{"timestamp": "2026-09-27T21:29:53+0500", "level": "INFO", "logger": "assurex.email", "message": "Email successfully sent to ['customer@assurex.com'] | Subject: Update on Claim #CLM-20260927-84090 - Approved", "module": "email_service", "line": 201}
{"timestamp": "2026-09-27T21:30:34+0500", "level": "INFO", "logger": "assurex.email", "message": "Email successfully sent to ['customer@assurex.com'] | Subject: Claim #CLM-20260927-30533 Submitted Successfully", "module": "email_service", "line": 201}
{"timestamp": "2026-09-27T21:30:38+0500", "level": "INFO", "logger": "assurex.email", "message": "Email successfully sent to ['customer@assurex.com'] | Subject: Claim #CLM-20260927-35509 Submitted Successfully", "module": "email_service", "line": 201}
{"timestamp": "2026-09-27T21:30:43+0500", "level": "INFO", "logger": "assurex.email", "message": "Email successfully sent to ['customer@assurex.com'] | Subject: Update on Claim #CLM-20260927-35509 - Action Required", "module": "email_service", "line": 201}
{"timestamp": "2026-09-27T21:30:45+0500", "level": "INFO", "logger": "assurex.email", "message": "Email successfully sent to ['customer@assurex.com'] | Subject: Update on Claim #CLM-20260927-35509 - Approved", "module": "email_service", "line": 201}
{"timestamp": "2026-09-27T21:30:49+0500", "level": "INFO", "logger": "assurex.email", "message": "Email successfully sent to ['customer@assurex.com'] | Subject: Claim #CLM-20260927-46508 Submitted Successfully", "module": "email_service", "line": 201}
{"timestamp": "2026-09-27T21:30:52+0500", "level": "INFO", "logger": "assurex.email", "message": "Email successfully sent to ['customer@assurex.com'] | Subject: Update on Claim #CLM-20260927-46508 - Rejected", "module": "email_service", "line": 201}
{"timestamp": "2026-09-27T21:31:28+0500", "level": "INFO", "logger": "assurex.email", "message": "Email successfully sent to ['customer@assurex.com'] | Subject: Claim #CLM-20260927-85781 Submitted Successfully", "module": "email_service", "line": 201}
{"timestamp": "2026-09-27T21:31:32+0500", "level": "INFO", "logger": "assurex.email", "message": "Email successfully sent to ['customer@assurex.com'] | Subject: Claim #CLM-20260927-89264 Submitted Successfully", "module": "email_service", "line": 201}
{"timestamp": "2026-09-27T21:31:35+0500", "level": "INFO", "logger": "assurex.email", "message": "Email successfully sent to ['customer@assurex.com'] | Subject: Claim #CLM-20260927-92469 Submitted Successfully", "module": "email_service", "line": 201}
{"timestamp": "2026-09-27T21:32:25+0500", "level": "INFO", "logger": "assurex.email", "message": "Email successfully sent to ['customer@assurex.com'] | Subject: Update on Claim #CLM-TIMELINE-01 - Action Required", "module": "email_service", "line": 201}
{"timestamp": "2026-09-27T21:32:27+0500", "level": "INFO", "logger": "assurex.email", "message": "Email successfully sent to ['customer@assurex.com'] | Subject: Update on Claim #CLM-TIMELINE-01 - Rejected", "module": "email_service", "line": 201}
{"timestamp": "2026-09-27T21:32:30+0500", "level": "INFO", "logger": "assurex.email", "message": "Email successfully sent to ['customer@assurex.com'] | Subject: Update on Claim #CLM-TIMELINE-01 - Action Required", "module": "email_service", "line": 201}
{"timestamp": "2026-09-27T21:32:34+0500", "level": "INFO", "logger": "assurex.email", "message": "Email successfully sent to ['customer@assurex.com'] | Subject: Update on Claim #CLM-TIMELINE-01 - Approved", "module": "email_service", "line": 201}
{"timestamp": "2026-09-27T21:32:39+0500", "level": "INFO", "logger": "assurex.email", "message": "Email successfully sent to ['customer@assurex.com'] | Subject: Claim #CLM-20260927-54455 Submitted Successfully", "module": "email_service", "line": 201}
{"timestamp": "2026-09-27T21:32:42+0500", "level": "INFO", "logger": "assurex.email", "message": "Email successfully sent to ['customer@assurex.com'] | Subject: Claim #CLM-20260927-59332 Submitted Successfully", "module": "email_service", "line": 201}
{"timestamp": "2026-09-27T21:32:45+0500", "level": "INFO", "logger": "assurex.email", "message": "Email successfully sent to ['customer@assurex.com'] | Subject: Claim #CLM-20260927-62631 Submitted Successfully", "module": "email_service", "line": 201}
{"timestamp": "2026-09-27T21:33:00+0500", "level": "INFO", "logger": "assurex.email", "message": "Email successfully sent to ['customer@assurex.com'] | Subject: Claim #CLM-20260927-77064 Submitted Successfully", "module": "email_service", "line": 201}
{"timestamp": "2026-09-27T21:33:10+0500", "level": "INFO", "logger": "assurex.email", "message": "Email successfully sent to ['customer@assurex.com'] | Subject: Claim #CLM-20260927-86990 Submitted Successfully", "module": "email_service", "line": 201}
{"timestamp": "2026-09-27T21:33:14+0500", "level": "INFO", "logger": "assurex.email", "message": "Email successfully sent to ['customer@assurex.com'] | Subject: Claim #CLM-20260927-91272 Submitted Successfully", "module": "email_service", "line": 201}
{"timestamp": "2026-09-27T21:33:18+0500", "level": "INFO", "logger": "assurex.email", "message": "Email successfully sent to ['customer@assurex.com'] | Subject: Update on Claim #CLM-20260927-91272 - Action Required", "module": "email_service", "line": 201}
{"timestamp": "2026-09-27T21:33:21+0500", "level": "INFO", "logger": "assurex.email", "message": "Email successfully sent to ['customer@assurex.com'] | Subject: Update on Claim #CLM-20260927-91272 - Approved", "module": "email_service", "line": 201}
{"timestamp": "2026-09-27T21:33:26+0500", "level": "INFO", "logger": "assurex.email", "message": "Email successfully sent to ['customer@assurex.com'] | Subject: Claim #CLM-20260927-02296 Submitted Successfully", "module": "email_service", "line": 201}
{"timestamp": "2026-09-27T21:33:29+0500", "level": "INFO", "logger": "assurex.email", "message": "Email successfully sent to ['customer@assurex.com'] | Subject: Update on Claim #CLM-20260927-02296 - Rejected", "module": "email_service", "line": 201}
{"timestamp": "2026-09-27T21:33:35+0500", "level": "INFO", "logger": "assurex.email", "message": "Email successfully sent to ['customer@assurex.com'] | Subject: Claim #CLM-20260927-09844 Submitted Successfully", "module": "email_service", "line": 201}
{"timestamp": "2026-09-27T21:48:37+0500", "level": "INFO", "logger": "assurex.email", "message": "Email successfully sent to ['customer@assurex.com'] | Subject: Claim #CLM-20260927-13972 Submitted Successfully", "module": "email_service", "line": 201}
{"timestamp": "2026-09-27T21:48:47+0500", "level": "INFO", "logger": "assurex.email", "message": "Email successfully sent to ['customer@assurex.com'] | Subject: Claim #CLM-20260927-24380 Submitted Successfully", "module": "email_service", "line": 201}
{"timestamp": "2026-09-27T21:48:51+0500", "level": "INFO", "logger": "assurex.email", "message": "Email successfully sent to ['customer@assurex.com'] | Subject: Claim #CLM-20260927-28210 Submitted Successfully", "module": "email_service", "line": 201}
{"timestamp": "2026-09-27T21:48:54+0500", "level": "INFO", "logger": "assurex.email", "message": "Email successfully sent to ['customer@assurex.com'] | Subject: Update on Claim #CLM-20260927-28210 - Action Required", "module": "email_service", "line": 201}
{"timestamp": "2026-09-27T21:48:57+0500", "level": "INFO", "logger": "assurex.email", "message": "Email successfully sent to ['customer@assurex.com'] | Subject: Update on Claim #CLM-20260927-28210 - Approved", "module": "email_service", "line": 201}
{"timestamp": "2026-09-27T21:49:00+0500", "level": "INFO", "logger": "assurex.email", "message": "Email successfully sent to ['customer@assurex.com'] | Subject: Claim #CLM-20260927-38115 Submitted Successfully", "module": "email_service", "line": 201}
{"timestamp": "2026-09-27T21:49:04+0500", "level": "INFO", "logger": "assurex.email", "message": "Email successfully sent to ['customer@assurex.com'] | Subject: Update on Claim #CLM-20260927-38115 - Rejected", "module": "email_service", "line": 201}
{"timestamp": "2026-09-27T21:49:07+0500", "level": "INFO", "logger": "assurex.email", "message": "Email successfully sent to ['customer@assurex.com'] | Subject: Claim #CLM-20260927-44889 Submitted Successfully", "module": "email_service", "line": 201}
{"timestamp": "2026-09-27T21:51:05+0500", "level": "INFO", "logger": "assurex.email", "message": "Email successfully sent to ['customer@assurex.com'] | Subject: Claim #CLM-20260927-62753 Submitted Successfully", "module": "email_service", "line": 201}
{"timestamp": "2026-09-27T21:51:16+0500", "level": "INFO", "logger": "assurex.email", "message": "Email successfully sent to ['customer@assurex.com'] | Subject: Claim #CLM-20260927-72675 Submitted Successfully", "module": "email_service", "line": 201}
{"timestamp": "2026-09-27T21:51:21+0500", "level": "INFO", "logger": "assurex.email", "message": "Email successfully sent to ['customer@assurex.com'] | Subject: Claim #CLM-20260927-77310 Submitted Successfully", "module": "email_service", "line": 201}
{"timestamp": "2026-09-27T21:51:23+0500", "level": "INFO", "logger": "assurex.email", "message": "Email successfully sent to ['customer@assurex.com'] | Subject: Update on Claim #CLM-20260927-77310 - Action Required", "module": "email_service", "line": 201}
{"timestamp": "2026-09-27T21:51:26+0500", "level": "INFO", "logger": "assurex.email", "message": "Email successfully sent to ['customer@assurex.com'] | Subject: Update on Claim #CLM-20260927-77310 - Approved", "module": "email_service", "line": 201}
{"timestamp": "2026-09-27T21:51:30+0500", "level": "INFO", "logger": "assurex.email", "message": "Email successfully sent to ['customer@assurex.com'] | Subject: Claim #CLM-20260927-87438 Submitted Successfully", "module": "email_service", "line": 201}
{"timestamp": "2026-09-27T21:51:34+0500", "level": "INFO", "logger": "assurex.email", "message": "Email successfully sent to ['customer@assurex.com'] | Subject: Update on Claim #CLM-20260927-87438 - Rejected", "module": "email_service", "line": 201}
{"timestamp": "2026-09-27T21:51:39+0500", "level": "INFO", "logger": "assurex.email", "message": "Email successfully sent to ['customer@assurex.com'] | Subject: Claim #CLM-20260927-95128 Submitted Successfully", "module": "email_service", "line": 201}
{"timestamp": "2026-09-27T21:52:18+0500", "level": "INFO", "logger": "assurex.email", "message": "Email successfully sent to ['customer@assurex.com'] | Subject: Claim #CLM-20260927-36063 Submitted Successfully", "module": "email_service", "line": 201}
{"timestamp": "2026-09-27T22:11:42+0500", "level": "ERROR", "logger": "assurex.email", "message": "Failed to send email to ['customer@assurex.com']: Connection unexpectedly closed", "module": "email_service", "line": 204}
{"timestamp": "2026-09-27T22:11:42+0500", "level": "ERROR", "logger": "assurex.email", "message": "Failed to send email to ['customer@assurex.com']: [Errno 11001] getaddrinfo failed", "module": "email_service", "line": 204}
{"timestamp": "2026-09-27T22:11:43+0500", "level": "ERROR", "logger": "assurex.email", "message": "Failed to send email to ['customer@assurex.com']: [Errno 11001] getaddrinfo failed", "module": "email_service", "line": 204}
{"timestamp": "2026-09-27T22:11:43+0500", "level": "ERROR", "logger": "assurex.email", "message": "Failed to send email to ['customer@assurex.com']: [Errno 11001] getaddrinfo failed", "module": "email_service", "line": 204}
{"timestamp": "2026-09-27T22:11:43+0500", "level": "ERROR", "logger": "assurex.email", "message": "Failed to send email to ['customer@assurex.com']: [Errno 11001] getaddrinfo failed", "module": "email_service", "line": 204}
{"timestamp": "2026-09-27T22:11:43+0500", "level": "ERROR", "logger": "assurex.email", "message": "Failed to send email to ['customer@assurex.com']: [Errno 11001] getaddrinfo failed", "module": "email_service", "line": 204}
{"timestamp": "2026-09-27T22:11:44+0500", "level": "ERROR", "logger": "assurex.email", "message": "Failed to send email to ['customer@assurex.com']: [Errno 11001] getaddrinfo failed", "module": "email_service", "line": 204}
{"timestamp": "2026-09-27T22:11:44+0500", "level": "ERROR", "logger": "assurex.email", "message": "Failed to send email to ['customer@assurex.com']: [Errno 11001] getaddrinfo failed", "module": "email_service", "line": 204}
{"timestamp": "2026-09-27T22:11:47+0500", "level": "ERROR", "logger": "assurex.email", "message": "Failed to send email to ['customer@assurex.com']: [Errno 11001] getaddrinfo failed", "module": "email_service", "line": 204}
{"timestamp": "2026-09-27T22:11:47+0500", "level": "ERROR", "logger": "assurex.email", "message": "Failed to send email to ['customer@assurex.com']: [Errno 11001] getaddrinfo failed", "module": "email_service", "line": 204}
{"timestamp": "2026-09-27T22:11:47+0500", "level": "ERROR", "logger": "assurex.email", "message": "Failed to send email to ['customer@assurex.com']: [Errno 11001] getaddrinfo failed", "module": "email_service", "line": 204}
{"timestamp": "2026-09-27T22:11:47+0500", "level": "ERROR", "logger": "assurex.email", "message": "Failed to send email to ['customer@assurex.com']: [Errno 11001] getaddrinfo failed", "module": "email_service", "line": 204}
{"timestamp": "2026-09-27T22:11:48+0500", "level": "ERROR", "logger": "assurex.email", "message": "Failed to send email to ['customer@assurex.com']: [Errno 11001] getaddrinfo failed", "module": "email_service", "line": 204}
{"timestamp": "2026-09-27T22:11:48+0500", "level": "ERROR", "logger": "assurex.email", "message": "Failed to send email to ['customer@assurex.com']: [Errno 11001] getaddrinfo failed", "module": "email_service", "line": 204}
{"timestamp": "2026-09-27T22:11:49+0500", "level": "ERROR", "logger": "assurex.email", "message": "Failed to send email to ['customer@assurex.com']: [Errno 11001] getaddrinfo failed", "module": "email_service", "line": 204}
{"timestamp": "2026-09-27T22:15:10+0500", "level": "INFO", "logger": "assurex.email", "message": "Email successfully sent to ['customer@assurex.com'] | Subject: Claim #CLM-20260927-05902 Submitted Successfully", "module": "email_service", "line": 201}
{"timestamp": "2026-09-27T22:15:41+0500", "level": "INFO", "logger": "assurex.email", "message": "Email successfully sent to ['customer@assurex.com'] | Subject: Claim #CLM-20260927-37874 Submitted Successfully", "module": "email_service", "line": 201}
{"timestamp": "2026-09-27T22:16:10+0500", "level": "INFO", "logger": "assurex.email", "message": "Email successfully sent to ['customer@assurex.com'] | Subject: Claim #CLM-20260927-67666 Submitted Successfully", "module": "email_service", "line": 201}
{"timestamp": "2026-09-27T22:16:18+0500", "level": "INFO", "logger": "assurex.email", "message": "Email successfully sent to ['customer@assurex.com'] | Subject: Claim #CLM-20260927-74569 Submitted Successfully", "module": "email_service", "line": 201}
{"timestamp": "2026-09-27T22:16:40+0500", "level": "INFO", "logger": "assurex.email", "message": "Email successfully sent to ['customer@assurex.com'] | Subject: Claim #CLM-20260927-96978 Submitted Successfully", "module": "email_service", "line": 201}
{"timestamp": "2026-09-27T22:16:45+0500", "level": "INFO", "logger": "assurex.email", "message": "Email successfully sent to ['customer@assurex.com'] | Subject: Claim #CLM-20260927-02687 Submitted Successfully", "module": "email_service", "line": 201}
{"timestamp": "2026-09-27T22:40:16+0500", "level": "INFO", "logger": "assurex.email", "message": "Email successfully sent to ['customer@assurex.com'] | Subject: Claim #CLM-20260927-12718 Submitted Successfully", "module": "email_service", "line": 201}
{"timestamp": "2026-09-27T22:40:23+0500", "level": "INFO", "logger": "assurex.email", "message": "Email successfully sent to ['customer@assurex.com'] | Subject: Claim #CLM-20260927-18634 Submitted Successfully", "module": "email_service", "line": 201}
{"timestamp": "2026-09-27T22:40:27+0500", "level": "INFO", "logger": "assurex.email", "message": "Email successfully sent to ['customer@assurex.com'] | Subject: Update on Claim #CLM-20260927-18634 - Approved", "module": "email_service", "line": 201}
{"timestamp": "2026-09-27T22:40:31+0500", "level": "INFO", "logger": "assurex.email", "message": "Email successfully sent to ['customer@assurex.com'] | Subject: Claim #CLM-20260927-28056 Submitted Successfully", "module": "email_service", "line": 201}
{"timestamp": "2026-09-27T22:40:34+0500", "level": "INFO", "logger": "assurex.email", "message": "Email successfully sent to ['customer@assurex.com'] | Subject: Update on Claim #CLM-20260927-28056 - Rejected", "module": "email_service", "line": 201}
{"timestamp": "2026-09-27T22:40:38+0500", "level": "INFO", "logger": "assurex.email", "message": "Email successfully sent to ['customer@assurex.com'] | Subject: Claim #CLM-20260927-34835 Submitted Successfully", "module": "email_service", "line": 201}
{"timestamp": "2026-09-27T22:40:42+0500", "level": "INFO", "logger": "assurex.email", "message": "Email successfully sent to ['customer@assurex.com'] | Subject: Update on Claim #CLM-20260927-34835 - Action Required", "module": "email_service", "line": 201}
{"timestamp": "2026-09-27T22:40:46+0500", "level": "INFO", "logger": "assurex.email", "message": "Email successfully sent to ['customer@assurex.com'] | Subject: Claim #CLM-20260927-43072 Submitted Successfully", "module": "email_service", "line": 201}
{"timestamp": "2026-09-27T22:40:50+0500", "level": "INFO", "logger": "assurex.email", "message": "Email successfully sent to ['customer@assurex.com'] | Subject: Update on Claim #CLM-20260927-43072 - Approved", "module": "email_service", "line": 201}
{"timestamp": "2026-09-27T22:41:40+0500", "level": "INFO", "logger": "assurex.email", "message": "Email successfully sent to ['customer@assurex.com'] | Subject: Claim #CLM-20260927-96905 Submitted Successfully", "module": "email_service", "line": 201}
{"timestamp": "2026-09-27T22:44:32+0500", "level": "INFO", "logger": "assurex.email", "message": "Email successfully sent to ['customer@assurex.com'] | Subject: Claim #CLM-20260927-67917 Submitted Successfully", "module": "email_service", "line": 201}
{"timestamp": "2026-09-27T22:44:43+0500", "level": "INFO", "logger": "assurex.email", "message": "Email successfully sent to ['customer@assurex.com'] | Subject: Claim #CLM-20260927-80019 Submitted Successfully", "module": "email_service", "line": 201}
{"timestamp": "2026-09-27T22:44:50+0500", "level": "INFO", "logger": "assurex.email", "message": "Email successfully sent to ['customer@assurex.com'] | Subject: Claim #CLM-20260927-84052 Submitted Successfully", "module": "email_service", "line": 201}
{"timestamp": "2026-09-27T22:44:52+0500", "level": "INFO", "logger": "assurex.email", "message": "Email successfully sent to ['customer@assurex.com'] | Subject: Update on Claim #CLM-20260927-84052 - Action Required", "module": "email_service", "line": 201}
{"timestamp": "2026-09-27T22:44:56+0500", "level": "INFO", "logger": "assurex.email", "message": "Email successfully sent to ['customer@assurex.com'] | Subject: Update on Claim #CLM-20260927-84052 - Approved", "module": "email_service", "line": 201}
{"timestamp": "2026-09-27T22:45:00+0500", "level": "INFO", "logger": "assurex.email", "message": "Email successfully sent to ['customer@assurex.com'] | Subject: Claim #CLM-20260927-97028 Submitted Successfully", "module": "email_service", "line": 201}
{"timestamp": "2026-09-27T22:45:04+0500", "level": "INFO", "logger": "assurex.email", "message": "Email successfully sent to ['customer@assurex.com'] | Subject: Update on Claim #CLM-20260927-97028 - Rejected", "module": "email_service", "line": 201}
{"timestamp": "2026-09-27T22:45:07+0500", "level": "INFO", "logger": "assurex.email", "message": "Email successfully sent to ['customer@assurex.com'] | Subject: Claim #CLM-20260927-04964 Submitted Successfully", "module": "email_service", "line": 201}
{"timestamp": "2026-09-27T22:45:47+0500", "level": "INFO", "logger": "assurex.email", "message": "Email successfully sent to ['customer@assurex.com'] | Subject: Claim #CLM-20260927-44085 Submitted Successfully", "module": "email_service", "line": 201}
{"timestamp": "2026-09-27T22:45:53+0500", "level": "INFO", "logger": "assurex.email", "message": "Email successfully sent to ['customer@assurex.com'] | Subject: Claim #CLM-20260927-50432 Submitted Successfully", "module": "email_service", "line": 201}
{"timestamp": "2026-09-27T22:45:57+0500", "level": "INFO", "logger": "assurex.email", "message": "Email successfully sent to ['customer@assurex.com'] | Subject: Update on Claim #CLM-20260927-50432 - Approved", "module": "email_service", "line": 201}
{"timestamp": "2026-09-27T22:46:01+0500", "level": "INFO", "logger": "assurex.email", "message": "Email successfully sent to ['customer@assurex.com'] | Subject: Claim #CLM-20260927-58552 Submitted Successfully", "module": "email_service", "line": 201}
{"timestamp": "2026-09-27T22:46:04+0500", "level": "INFO", "logger": "assurex.email", "message": "Email successfully sent to ['customer@assurex.com'] | Subject: Update on Claim #CLM-20260927-58552 - Rejected", "module": "email_service", "line": 201}
{"timestamp": "2026-09-27T22:46:07+0500", "level": "INFO", "logger": "assurex.email", "message": "Email successfully sent to ['customer@assurex.com'] | Subject: Claim #CLM-20260927-64602 Submitted Successfully", "module": "email_service", "line": 201}
{"timestamp": "2026-09-27T22:46:10+0500", "level": "INFO", "logger": "assurex.email", "message": "Email successfully sent to ['customer@assurex.com'] | Subject: Update on Claim #CLM-20260927-64602 - Action Required", "module": "email_service", "line": 201}
{"timestamp": "2026-09-27T22:46:15+0500", "level": "INFO", "logger": "assurex.email", "message": "Email successfully sent to ['customer@assurex.com'] | Subject: Claim #CLM-20260927-71500 Submitted Successfully", "module": "email_service", "line": 201}
{"timestamp": "2026-09-27T22:46:19+0500", "level": "INFO", "logger": "assurex.email", "message": "Email successfully sent to ['customer@assurex.com'] | Subject: Update on Claim #CLM-20260927-71500 - Approved", "module": "email_service", "line": 201}
{"timestamp": "2026-09-27T22:46:26+0500", "level": "INFO", "logger": "assurex.email", "message": "Email successfully sent to ['customer@assurex.com'] | Subject: Update on Claim #CLM-TIMELINE-01 - Action Required", "module": "email_service", "line": 201}
{"timestamp": "2026-09-27T22:46:29+0500", "level": "INFO", "logger": "assurex.email", "message": "Email successfully sent to ['customer@assurex.com'] | Subject: Update on Claim #CLM-TIMELINE-01 - Rejected", "module": "email_service", "line": 201}
{"timestamp": "2026-09-27T22:46:33+0500", "level": "INFO", "logger": "assurex.email", "message": "Email successfully sent to ['customer@assurex.com'] | Subject: Update on Claim #CLM-TIMELINE-01 - Action Required", "module": "email_service", "line": 201}
{"timestamp": "2026-09-27T22:46:37+0500", "level": "INFO", "logger": "assurex.email", "message": "Email successfully sent to ['customer@assurex.com'] | Subject: Update on Claim #CLM-TIMELINE-01 - Approved", "module": "email_service", "line": 201}
{"timestamp": "2026-09-27T22:46:41+0500", "level": "INFO", "logger": "assurex.email", "message": "Email successfully sent to ['customer@assurex.com'] | Subject: Claim #CLM-20260927-97523 Submitted Successfully", "module": "email_service", "line": 201}
{"timestamp": "2026-09-27T22:46:44+0500", "level": "INFO", "logger": "assurex.email", "message": "Email successfully sent to ['customer@assurex.com'] | Subject: Claim #CLM-20260927-01518 Submitted Successfully", "module": "email_service", "line": 201}
{"timestamp": "2026-09-27T22:46:48+0500", "level": "INFO", "logger": "assurex.email", "message": "Email successfully sent to ['customer@assurex.com'] | Subject: Claim #CLM-20260927-05243 Submitted Successfully", "module": "email_service", "line": 201}
